<?xml version="1.0" encoding="UTF-8"?>
<TestRun id="f55fe144-674b-4ac8-b661-5411c22d63ee" name="Administrator@WIN-RNMUH95F9U1 2012-01-04 06:19:57" runUser="WIN-RNMUH95F9U1\Administrator" xmlns="http://microsoft.com/schemas/VisualStudio/TeamTest/2010">
  <TestSettings name="Local" id="0cd03c8d-b04e-44e0-89e7-79f70e91391f">
    <Description>These are default test settings for a local test run.</Description>
    <Deployment userDeploymentRoot="C:\Projects\Urbana\Marketing\TestResults" useDefaultDeploymentRoot="false" enabled="false" runDeploymentRoot="Administrator_WIN-RNMUH95F9U1 2012-01-04 06_19_57">
      <DeploymentItem filename="C:\Projects\Urbana\Marketing\Dependencies\Common.Net.Interfaces.dll" />
      <DeploymentItem filename="C:\Projects\Urbana\Marketing\Marketing.Data\bin\Debug\Marketing.Data.dll" />
      <DeploymentItem filename="C:\Projects\Urbana\Marketing\Dependencies\Common.Net.dll" />
      <DeploymentItem filename="C:\Projects\Urbana\Marketing\Marketing.WorkflowActivities\bin\Debug\Marketing.WorkflowActivities.dll" />
      <DeploymentItem filename="C:\Projects\Urbana\Marketing\Dependencies\Common.Types.dll" />
      <DeploymentItem filename="C:\Projects\Urbana\Marketing\Marketing.Utils\bin\Debug\Marketing.Utils.dll" />
    </Deployment>
    <Execution>
      <TestTypeSpecific />
      <AgentRule name="Execution Agents">
      </AgentRule>
    </Execution>
  </TestSettings>
  <Times creation="2012-01-04T06:19:57.1055469-05:00" queuing="2012-01-04T06:19:57.7920703-05:00" start="2012-01-04T06:19:57.9014453-05:00" finish="2012-01-04T06:19:59.3330859-05:00" />
  <ResultSummary outcome="Failed">
    <Counters total="1" executed="1" error="0" failed="1" timeout="0" aborted="0" inconclusive="0" passedButRunAborted="0" notRunnable="0" notExecuted="0" disconnected="0" warning="0" passed="0" completed="0" inProgress="0" pending="0" />
  </ResultSummary>
  <TestDefinitions>
    <UnitTest name="GetListingContentItemTest" storage="c:\projects\urbana\marketing\marketing.tests\bin\debug\marketing.tests.dll" id="b129fc9e-51f0-4883-bbb6-67a20300988d">
      <Execution id="b163b165-6ba7-48c7-baa5-64893be585e4" />
      <TestMethod codeBase="C:/Projects/Urbana/Marketing/Marketing.Tests/bin/Debug/Marketing.Tests.DLL" adapterTypeName="Microsoft.VisualStudio.TestTools.TestTypes.Unit.UnitTestAdapter, Microsoft.VisualStudio.QualityTools.Tips.UnitTest.Adapter, Version=10.0.0.0, Culture=neutral, PublicKeyToken=b03f5f7f11d50a3a" className="Marketing.Tests.CraigslistParsingTests, Marketing.Tests, Version=1.0.0.0, Culture=neutral, PublicKeyToken=null" name="GetListingContentItemTest" />
    </UnitTest>
  </TestDefinitions>
  <TestLists>
    <TestList name="Results Not in a List" id="8c84fa94-04c1-424b-9868-57a2d4851a1d" />
    <TestList name="All Loaded Results" id="19431567-8539-422a-85d7-44ee4e166bda" />
  </TestLists>
  <TestEntries>
    <TestEntry testId="b129fc9e-51f0-4883-bbb6-67a20300988d" executionId="b163b165-6ba7-48c7-baa5-64893be585e4" testListId="8c84fa94-04c1-424b-9868-57a2d4851a1d" />
  </TestEntries>
  <Results>
    <UnitTestResult executionId="b163b165-6ba7-48c7-baa5-64893be585e4" testId="b129fc9e-51f0-4883-bbb6-67a20300988d" testName="GetListingContentItemTest" computerName="WIN-RNMUH95F9U1" duration="00:00:00.2815645" startTime="2012-01-04T06:19:57.9561328-05:00" endTime="2012-01-04T06:19:59.1231250-05:00" testType="13cdc9d9-ddb5-4fa4-a97d-d965ccfc6d4b" outcome="Failed" testListId="8c84fa94-04c1-424b-9868-57a2d4851a1d" relativeResultsDirectory="b163b165-6ba7-48c7-baa5-64893be585e4">
      <Output>
        <ErrorInfo>
          <Message>Test method Marketing.Tests.CraigslistParsingTests.GetListingContentItemTest threw exception: 
System.ArgumentNullException: Value cannot be null.
Parameter name: String</Message>
          <StackTrace>    at System.Number.StringToNumber(String str, NumberStyles options, NumberBuffer&amp; number, NumberFormatInfo info, Boolean parseDecimal)
   at System.Number.ParseInt64(String value, NumberStyles options, NumberFormatInfo numfmt)
   at System.Int64.Parse(String s)
   at Marketing.Tests.CraigslistParsingTests.GetListingContentItemTest() in C:\Projects\Urbana\Marketing\Marketing.Tests\CraigslistParsingTests.cs:line 19
</StackTrace>
        </ErrorInfo>
      </Output>
    </UnitTestResult>
  </Results>
</TestRun>